
> pitchforge-app@0.1.0 build
> next build

  Γû▓ Next.js 14.2.16
  - Environments: .env.local

   Creating an optimized production build ...
 Γ£ô Compiled successfully
   Linting and checking validity of types ...
node.exe : 
At C:\Program Files\n
odejs\npm.ps1:29 
char:3
+   & $NODE_EXE 
$NPM_CLI_JS $args
+   ~~~~~~~~~~~~~~~~~
~~~~~~~~~~~~
    + CategoryInfo   
           : NotSpe  
  cified: (:String   
 ) [], RemoteExce    
ption
    + FullyQualified 
   ErrorId : Native  
  CommandError
 
Failed to compile.

./src/app/settings/pa
ge.tsx
16:35  Warning: 
Using `<img>` could 
result in slower LCP 
and higher 
bandwidth. Consider 
using `<Image />` 
from `next/image` to 
automatically 
optimize images. 
This may incur 
additional usage or 
cost from your 
provider. See: https:
//nextjs.org/docs/mes
sages/no-img-element 
 @next/next/no-img-el
ement

./src/app/share/[id]/
page.tsx
27:42  Error: 
'params' is defined 
but never used.  @typ
escript-eslint/no-unu
sed-vars

./src/components/dash
board/project-card.ts
x
31:21  Warning: 
Using `<img>` could 
result in slower LCP 
and higher 
bandwidth. Consider 
using `<Image />` 
from `next/image` to 
automatically 
optimize images. 
This may incur 
additional usage or 
cost from your 
provider. See: https:
//nextjs.org/docs/mes
sages/no-img-element 
 @next/next/no-img-el
ement

./src/components/layo
ut/offline-banner.tsx
4:25  Error: 'X' is 
defined but never 
used.  @typescript-es
lint/no-unused-vars

./src/components/pitc
h/audio-block.tsx
4:44  Error: 
'AlertCircle' is 
defined but never 
used.  @typescript-es
lint/no-unused-vars
16:27  Error: 
Component definition 
is missing display 
name  
react/display-name
177:25  Error: `"` 
can be escaped with 
`&quot;`, `&ldquo;`, 
`&#34;`, `&rdquo;`.  
react/no-unescaped-en
tities
177:44  Error: `"` 
can be escaped with 
`&quot;`, `&ldquo;`, 
`&#34;`, `&rdquo;`.  
react/no-unescaped-en
tities

./src/components/pitc
h/export-modal.tsx
14:10  Error: 
'Download' is 
defined but never 
used.  @typescript-es
lint/no-unused-vars
41:15  Error: 
'steps' is assigned 
a value but never 
used.  @typescript-es
lint/no-unused-vars
42:13  Error: 
'currentStep' is 
assigned a value but 
never used.  @typescr
ipt-eslint/no-unused-
vars
42:13  Error: 
'currentStep' is 
never reassigned. 
Use 'const' instead. 
 prefer-const

./src/components/pitc
h/image-block.tsx
3:27  Error: 
'useEffect' is 
defined but never 
used.  @typescript-es
lint/no-unused-vars
4:52  Error: 
'Loader2' is defined 
but never used.  @typ
escript-eslint/no-unu
sed-vars
16:27  Error: 
Component definition 
is missing display 
name  
react/display-name
100:25  Warning: 
Using `<img>` could 
result in slower LCP 
and higher 
bandwidth. Consider 
using `<Image />` 
from `next/image` to 
automatically 
optimize images. 
This may incur 
additional usage or 
cost from your 
provider. See: https:
//nextjs.org/docs/mes
sages/no-img-element 
 @next/next/no-img-el
ement

./src/components/pitc
h/table-block.tsx
18:27  Error: 
Component definition 
is missing display 
name  
react/display-name

./src/components/pitc
h/text-block.tsx
5:41  Error: 'X' is 
defined but never 
used.  @typescript-es
lint/no-unused-vars
18:26  Error: 
Component definition 
is missing display 
name  
react/display-name
34:17  Error: 
'currentText' is 
never reassigned. 
Use 'const' instead. 
 prefer-const
54:8  Warning: React 
Hook useEffect has a 
missing dependency: 
'displayedContent'. 
Either include it or 
remove the 
dependency array.  re
act-hooks/exhaustive-
deps

./src/hooks/useRegene
rate.ts
40:25  Error: 
Unexpected any. 
Specify a different 
type.  @typescript-es
lint/no-explicit-any

./src/hooks/useStream
.ts
34:26  Error: 
Unexpected any. 
Specify a different 
type.  @typescript-es
lint/no-explicit-any
48:30  Error: 
Unexpected any. 
Specify a different 
type.  @typescript-es
lint/no-explicit-any

./src/lib/firebase.ts
30:52  Error: A 
`require()` style 
import is forbidden. 
 @typescript-eslint/n
o-require-imports
35:29  Error: A 
`require()` style 
import is forbidden. 
 @typescript-eslint/n
o-require-imports

info  - Need to 
disable some ESLint 
rules? Learn more 
here: https://nextjs.
org/docs/basic-featur
es/eslint#disabling-r
ules
